--
--  Locus datatype test preamble
--
CREATE EXTENSION IF NOT EXISTS locus;
-- Check whether any of our opclasses fail amvalidate
SELECT amname, opcname
  FROM (SELECT amname, opcname, opc.oid
          FROM pg_opclass opc
               LEFT JOIN pg_am am ON am.oid = opcmethod
         WHERE opc.oid >= 16384
         ORDER BY 1, 2 OFFSET 0) ss
 WHERE NOT amvalidate(oid);
 amname | opcname
--------+---------
(0 rows)

