--
--  Locus datatype test
--
-- Test the tiling function
--
-- Test default tile size (1 million)
SELECT locus_tile_id('12:112847287-112944263'::locus);
 locus_tile_id
---------------
 12:112
(1 row)

-- Expected: '12:112' (112847287 / 1,000,000 = 112)
-- Test explicit tile size
SELECT locus_tile_id('12:112847287-112944263'::locus, 500000);
 locus_tile_id
---------------
 12:225
(1 row)

-- Expected: '12:225' (112847287 / 500000 = 225)
-- Test very small tile size
SELECT locus_tile_id('1:50-100'::locus, 10);
 locus_tile_id
---------------
 1:5
(1 row)

-- Expected: '1:5'
-- Test error on zero tile size
SELECT locus_tile_id('1:50-100'::locus, 0);
ERROR:  tile width must be positive
-- Expected: ERROR: tile width must be positive
